base referer
rect $classAnnotation1.html 5,206 112,286
rect $classAnnotation2.html 136,206 243,286
rect $classAnnotation__Target.html 267,206 413,286
rect $classClassOrPropertyRestrictedAnnotation.html 437,206 709,286
rect $classClassRestrictedAnnotation.html 733,206 933,286
rect $classFirstAnnotation.html 957,206 1080,286
rect $classIndirectReferenceLoopAnnotation.html 1104,206 1352,286
rect $classIndirectReferenceLoopAnnotationHelper.html 1376,206 1667,286
rect $classMethodRestrictedAnnotation.html 1691,206 1904,286
rect $classMOC__Api__Annotation.html 1928,206 2091,286
rect $classMOC__Api__Annotation__Alias.html 2115,198 2317,294
rect $classMOC__Api__Annotation__Api.html 2341,198 2533,294
rect $classNamespace1__CommonSuffix.html 2557,206 2773,286
rect $classNamespace2__CommonSuffix.html 2797,206 3013,286
rect $classNamespace__Annotation3.html 3037,206 3227,286
rect $classNamespace__Annotation__AClass.html 3251,206 3483,286
rect $classNamespace__AnnotationWithNamespace.html 3507,206 3797,286
rect $classNamespace__ClassWithNamespace.html 3821,206 4075,286
rect $classNestedRestrictedAnnotation.html 4099,206 4309,286
rect $classPropertyRestrictedAnnotation.html 4333,206 4555,286
rect $classSecondAnnotation.html 4579,206 4725,286
rect $classSelfReferencingAnnotation.html 4749,206 4952,286
rect $classSimpleClass.html 4976,206 5080,286
rect $classTestingAnnotation.html 5104,198 5248,294
