base referer
rect $classCompositeMatcher.html 6,373 155,400
rect $classParallelMatcher.html 204,233 330,260
rect $classSerialMatcher.html 210,512 324,539
rect $classAnnotationArrayMatcher.html 403,5 590,32
rect $classAnnotationArrayValueMatcher.html 383,56 610,83
rect $classAnnotationArrayValuesMatcher.html 380,107 612,133
rect $classAnnotationHashMatcher.html 403,157 590,184
rect $classAnnotationKeyMatcher.html 408,208 584,235
rect $classAnnotationParametersMatcher.html 382,259 611,285
rect $classAnnotationStringMatcher.html 400,309 592,336
rect $classAnnotationValueMatcher.html 402,360 591,387
rect $classAnnotationValuesMatcher.html 398,411 595,437
rect $classAnnotationTopValueMatcher.html 675,335 888,361
rect $classAnnotationValueInArrayMatcher.html 663,385 900,412
rect $classAnnotationMatcher.html 420,461 572,488
rect $classAnnotationMorePairsMatcher.html 388,512 604,539
rect $classAnnotationPairMatcher.html 408,563 584,589
rect $classSimpleSerialMatcher.html 416,613 576,640
rect $classNestedAnnotationMatcher.html 683,461 880,488
rect $classAnnotationMoreValuesMatcher.html 667,613 896,640
