base referer
rect $classAnnotation.html 7,588 103,615
rect $classAnnotation1.html 246,6 352,32
rect $classAnnotation2.html 246,56 352,83
rect $classAnnotation__Target.html 226,107 372,134
rect $classClassOrPropertyRestrictedAnnotation.html 163,158 435,184
rect $classClassRestrictedAnnotation.html 199,208 399,235
rect $classFirstAnnotation.html 238,259 360,286
rect $classIndirectReferenceLoopAnnotation.html 175,310 423,336
rect $classIndirectReferenceLoopAnnotationHelper.html 154,360 444,387
rect $classMethodRestrictedAnnotation.html 192,411 406,438
rect $classMOC__Api__Annotation.html 218,462 380,488
rect $classMOC__Api__Annotation__Alias.html 198,512 400,539
rect $classMOC__Api__Annotation__Api.html 203,563 395,590
rect $classNamespace1__CommonSuffix.html 191,614 407,640
rect $classNamespace2__CommonSuffix.html 191,664 407,691
rect $classNamespace__Annotation3.html 204,715 394,742
rect $classNamespace__Annotation__AClass.html 183,766 415,792
rect $classNamespace__AnnotationWithNamespace.html 154,816 444,843
rect $classNamespace__ClassWithNamespace.html 172,867 426,894
rect $classNestedRestrictedAnnotation.html 194,918 404,944
rect $classPropertyRestrictedAnnotation.html 188,968 410,995
rect $classSecondAnnotation.html 226,1019 372,1046
rect $classSelfReferencingAnnotation.html 198,1070 400,1096
rect $classSimpleClass.html 247,1120 351,1147
rect $classTestingAnnotation.html 227,1171 371,1198
